[13:25:51] ==============================
[13:25:51] [BOOT] Ініціалізація запуску StellarOS...
[13:25:51] [BOOT] Запуск setup.py...
[13:25:51] G:\pytyrtel\Lib\site-packages\requests\__init__.py:109: RequestsDependencyWarning: urllib3 (2.5.0) or chardet (5.2.0)/charset_normalizer (2.0.12) doesn't match a supported version!
[13:25:51] warnings.warn(
[13:25:57] [21056:4800:0117/132557.129:ERROR:sqlite_persistent_shared_dictionary_store.cc(1698)] Invalid total_dict_size detected.
[13:25:57] [21056:25496:0117/132557.174:ERROR:sqlite_persistent_shared_dictionary_store.cc(1698)] Invalid total_dict_size detected.
[13:25:57] [21056:19796:0117/132557.248:ERROR:gpu_channel_manager.cc(956)] Failed to create GLES3 context, fallback to GLES2.
[13:25:57] [21056:19796:0117/132557.248:ERROR:gpu_channel_manager.cc(967)] ContextResult::kFatalFailure: Failed to create shared context for virtualization.
[13:27:03] [21056:13968:0117/132703.007:ERROR:sqlite_persistent_shared_dictionary_store.cc(1698)] Invalid total_dict_size detected.
[13:27:03] [21056:25496:0117/132703.050:ERROR:sqlite_persistent_shared_dictionary_store.cc(1698)] Invalid total_dict_size detected.
[13:28:25] [INFO] Current User Name: username
[13:28:25] [INFO] Current User Name: username
[13:28:25] [watch_background_changes] Відстеження запущено для: root/user/desk/desk.config
[13:28:25] [LockScreen] Path from config: root\user\images\background_2.jpg
[13:28:25] [LockScreen] Скопійовано фон: root\user\images\background_2.jpg → bin\icons\local_icons\IconOs\lock.jpg
[13:28:25] [LockScreen] Фінальний фон: bin\icons\local_icons\IconOs\lock.jpg
[13:28:25] [INFO] Current User Name: username
[13:28:25] [INFO] Current User Name: username
[13:28:25] [SESSION] Сесія відновлена
[13:28:25] [EXPLORER] Hotkeys initialized (layout-friendly).
[13:28:25] [SESSION] Сесія збережена
[13:28:25] [INFO] Current User Name: username
[13:28:25] [SESSION] Сесія відновлена
[13:28:25] [SESSION] Сесія збережена
[13:28:25] [BOOT] setup.py завершено з кодом 0
