[LockScreen] Path from config: root/user/images\background_1.jpg
[LockScreen] Скопійовано фон: root/user/images\background_1.jpg → bin\icons\local_icons\IconOs\lock.jpg
[LockScreen] Фінальний фон: bin\icons\local_icons\IconOs\lock.jpg
[LockScreen] Path from config: root/user/images\lock.jpg
[LockScreen] Скопійовано фон: root/user/images\lock.jpg → bin\icons\local_icons\IconOs\lock.jpg
[LockScreen] Фінальний фон: bin\icons\local_icons\IconOs\lock.jpg
[LockScreen] Path from config: root/user/images\background.jpg
[LockScreen] Скопійовано фон: root/user/images\background.jpg → bin\icons\local_icons\IconOs\lock.jpg
[LockScreen] Фінальний фон: bin\icons\local_icons\IconOs\lock.jpg
[LockScreen] Path from config: root/user/images\background_1.jpg
[LockScreen] Скопійовано фон: root/user/images\background_1.jpg → bin\icons\local_icons\IconOs\lock.jpg
[LockScreen] Фінальний фон: bin\icons\local_icons\IconOs\lock.jpg
[LockScreen] Path from config: root/user/images\lock.jpg
[LockScreen] Скопійовано фон: root/user/images\lock.jpg → bin\icons\local_icons\IconOs\lock.jpg
[LockScreen] Фінальний фон: bin\icons\local_icons\IconOs\lock.jpg
[LockScreen] Path from config: root/user/images\lock.jpg
[LockScreen] Фон не знайдено, використовую дефолт: bin\icons\local_icons\IconOs\wallpaper_defolt.jpg
[LockScreen] Скопійовано фон: bin\icons\local_icons\IconOs\wallpaper_defolt.jpg → bin\icons\local_icons\IconOs\lock.jpg
[LockScreen] Фінальний фон: bin\icons\local_icons\IconOs\lock.jpg
[LockScreen] Path from config: root/user/images\lock.jpg
[LockScreen] Фон не знайдено, використовую дефолт: bin\icons\local_icons\IconOs\wallpaper_defolt.jpg
[LockScreen] Скопійовано фон: bin\icons\local_icons\IconOs\wallpaper_defolt.jpg → bin\icons\local_icons\IconOs\lock.jpg
[LockScreen] Фінальний фон: bin\icons\local_icons\IconOs\lock.jpg
[LockScreen] Path from config: root/user/images\lock.jpg
[LockScreen] Фон не знайдено, використовую дефолт: bin\icons\local_icons\IconOs\wallpaper_defolt.jpg
[LockScreen] Скопійовано фон: bin\icons\local_icons\IconOs\wallpaper_defolt.jpg → bin\icons\local_icons\IconOs\lock.jpg
[LockScreen] Фінальний фон: bin\icons\local_icons\IconOs\lock.jpg
[LockScreen] Path from config: root/user/images\background_2.jpg
[LockScreen] Скопійовано фон: root/user/images\background_2.jpg → bin\icons\local_icons\IconOs\lock.jpg
[LockScreen] Фінальний фон: bin\icons\local_icons\IconOs\lock.jpg
[LockScreen] Path from config: root/user/images\background_2.jpg
[LockScreen] Скопійовано фон: root/user/images\background_2.jpg → bin\icons\local_icons\IconOs\lock.jpg
[LockScreen] Фінальний фон: bin\icons\local_icons\IconOs\lock.jpg
[LockScreen] Path from config: root/user/images\background_2.jpg
[LockScreen] Скопійовано фон: root/user/images\background_2.jpg → bin\icons\local_icons\IconOs\lock.jpg
[LockScreen] Фінальний фон: bin\icons\local_icons\IconOs\lock.jpg
[LockScreen] Path from config: root/user/images\background_2.jpg
[LockScreen] Скопійовано фон: root/user/images\background_2.jpg → bin\icons\local_icons\IconOs\lock.jpg
[LockScreen] Фінальний фон: bin\icons\local_icons\IconOs\lock.jpg
[LockScreen] Path from config: root/user/images\background_2.jpg
[LockScreen] Скопійовано фон: root/user/images\background_2.jpg → bin\icons\local_icons\IconOs\lock.jpg
[LockScreen] Фінальний фон: bin\icons\local_icons\IconOs\lock.jpg
[LockScreen] Path from config: root/user/images\background_2.jpg
[LockScreen] Скопійовано фон: root/user/images\background_2.jpg → bin\icons\local_icons\IconOs\lock.jpg
[LockScreen] Фінальний фон: bin\icons\local_icons\IconOs\lock.jpg
[LockScreen] Path from config: root/user/images\background.jpg
[LockScreen] Скопійовано фон: root/user/images\background.jpg → bin\icons\local_icons\IconOs\lock.jpg
[LockScreen] Фінальний фон: bin\icons\local_icons\IconOs\lock.jpg
[LockScreen] Path from config: root/user/images\background.jpg
[LockScreen] Скопійовано фон: root/user/images\background.jpg → bin\icons\local_icons\IconOs\lock.jpg
[LockScreen] Фінальний фон: bin\icons\local_icons\IconOs\lock.jpg
[LockScreen] Path from config: root/user/images\background_2.jpg
[LockScreen] Скопійовано фон: root/user/images\background_2.jpg → bin\icons\local_icons\IconOs\lock.jpg
[LockScreen] Фінальний фон: bin\icons\local_icons\IconOs\lock.jpg
[LockScreen] Path from config: root/user/images\background_2.jpg
[LockScreen] Скопійовано фон: root/user/images\background_2.jpg → bin\icons\local_icons\IconOs\lock.jpg
[LockScreen] Фінальний фон: bin\icons\local_icons\IconOs\lock.jpg
[LockScreen] Path from config: root/user/images\background_2.jpg
[LockScreen] Скопійовано фон: root/user/images\background_2.jpg → bin\icons\local_icons\IconOs\lock.jpg
[LockScreen] Фінальний фон: bin\icons\local_icons\IconOs\lock.jpg
[LockScreen] Path from config: root/user/images\background_2.jpg
[LockScreen] Скопійовано фон: root/user/images\background_2.jpg → bin\icons\local_icons\IconOs\lock.jpg
[LockScreen] Фінальний фон: bin\icons\local_icons\IconOs\lock.jpg
[LockScreen] Path from config: root/user/images\background_2.jpg
[LockScreen] Скопійовано фон: root/user/images\background_2.jpg → bin\icons\local_icons\IconOs\lock.jpg
[LockScreen] Фінальний фон: bin\icons\local_icons\IconOs\lock.jpg
[LockScreen] Path from config: root/user/images\background_2.jpg
[LockScreen] Скопійовано фон: root/user/images\background_2.jpg → bin\icons\local_icons\IconOs\lock.jpg
[LockScreen] Фінальний фон: bin\icons\local_icons\IconOs\lock.jpg
[LockScreen] Path from config: root/user/images\background.jpg
[LockScreen] Скопійовано фон: root/user/images\background.jpg → bin\icons\local_icons\IconOs\lock.jpg
[LockScreen] Фінальний фон: bin\icons\local_icons\IconOs\lock.jpg
[LockScreen] Path from config: root/user/images\background.jpg
[LockScreen] Скопійовано фон: root/user/images\background.jpg → bin\icons\local_icons\IconOs\lock.jpg
[LockScreen] Фінальний фон: bin\icons\local_icons\IconOs\lock.jpg
[LockScreen] Path from config: root/user/images\background_1.jpg
[LockScreen] Скопійовано фон: root/user/images\background_1.jpg → bin\icons\local_icons\IconOs\lock.jpg
[LockScreen] Фінальний фон: bin\icons\local_icons\IconOs\lock.jpg
[LockScreen] Path from config: root/user/images\background_1.jpg
[LockScreen] Скопійовано фон: root/user/images\background_1.jpg → bin\icons\local_icons\IconOs\lock.jpg
[LockScreen] Фінальний фон: bin\icons\local_icons\IconOs\lock.jpg
[LockScreen] Path from config: root/user/images\background_2.jpg
[LockScreen] Скопійовано фон: root/user/images\background_2.jpg → bin\icons\local_icons\IconOs\lock.jpg
[LockScreen] Фінальний фон: bin\icons\local_icons\IconOs\lock.jpg
[LockScreen] Path from config: root/user/images\background_2.jpg
[LockScreen] Скопійовано фон: root/user/images\background_2.jpg → bin\icons\local_icons\IconOs\lock.jpg
[LockScreen] Фінальний фон: bin\icons\local_icons\IconOs\lock.jpg
[LockScreen] Path from config: root/user/images\background_2.jpg
[LockScreen] Скопійовано фон: root/user/images\background_2.jpg → bin\icons\local_icons\IconOs\lock.jpg
[LockScreen] Фінальний фон: bin\icons\local_icons\IconOs\lock.jpg
[LockScreen] Path from config: root/user/images\background_2.jpg
[LockScreen] Скопійовано фон: root/user/images\background_2.jpg → bin\icons\local_icons\IconOs\lock.jpg
[LockScreen] Фінальний фон: bin\icons\local_icons\IconOs\lock.jpg
[LockScreen] Path from config: root/user/images\background_2.jpg
[LockScreen] Скопійовано фон: root/user/images\background_2.jpg → bin\icons\local_icons\IconOs\lock.jpg
[LockScreen] Фінальний фон: bin\icons\local_icons\IconOs\lock.jpg
[LockScreen] Path from config: root/user/images\background_2.jpg
[LockScreen] Скопійовано фон: root/user/images\background_2.jpg → bin\icons\local_icons\IconOs\lock.jpg
[LockScreen] Фінальний фон: bin\icons\local_icons\IconOs\lock.jpg
[LockScreen] Path from config: root/user/images\background_2.jpg
[LockScreen] Скопійовано фон: root/user/images\background_2.jpg → bin\icons\local_icons\IconOs\lock.jpg
[LockScreen] Фінальний фон: bin\icons\local_icons\IconOs\lock.jpg
[LockScreen] Path from config: root/user/images\background_2.jpg
[LockScreen] Скопійовано фон: root/user/images\background_2.jpg → bin\icons\local_icons\IconOs\lock.jpg
[LockScreen] Фінальний фон: bin\icons\local_icons\IconOs\lock.jpg
[LockScreen] Path from config: root/user/images\background_2.jpg
[LockScreen] Скопійовано фон: root/user/images\background_2.jpg → bin\icons\local_icons\IconOs\lock.jpg
[LockScreen] Фінальний фон: bin\icons\local_icons\IconOs\lock.jpg
[LockScreen] Path from config: root/user/images\background_2.jpg
[LockScreen] Скопійовано фон: root/user/images\background_2.jpg → bin\icons\local_icons\IconOs\lock.jpg
[LockScreen] Фінальний фон: bin\icons\local_icons\IconOs\lock.jpg
[LockScreen] Path from config: root/user/images\background_2.jpg
[LockScreen] Скопійовано фон: root/user/images\background_2.jpg → bin\icons\local_icons\IconOs\lock.jpg
[LockScreen] Фінальний фон: bin\icons\local_icons\IconOs\lock.jpg
[LockScreen] Path from config: root/user/images\background_2.jpg
[LockScreen] Скопійовано фон: root/user/images\background_2.jpg → bin\icons\local_icons\IconOs\lock.jpg
[LockScreen] Фінальний фон: bin\icons\local_icons\IconOs\lock.jpg
[LockScreen] Path from config: root/user/images\background_2.jpg
[LockScreen] Скопійовано фон: root/user/images\background_2.jpg → bin\icons\local_icons\IconOs\lock.jpg
[LockScreen] Фінальний фон: bin\icons\local_icons\IconOs\lock.jpg
[LockScreen] Path from config: root/user/images\background_2.jpg
[LockScreen] Скопійовано фон: root/user/images\background_2.jpg → bin\icons\local_icons\IconOs\lock.jpg
[LockScreen] Фінальний фон: bin\icons\local_icons\IconOs\lock.jpg
[LockScreen] Path from config: root/user/images\background_2.jpg
[LockScreen] Скопійовано фон: root/user/images\background_2.jpg → bin\icons\local_icons\IconOs\lock.jpg
[LockScreen] Фінальний фон: bin\icons\local_icons\IconOs\lock.jpg
[LockScreen] JSON decode error у desk.config
[LockScreen] Фон не знайдено, використовую дефолт: bin\icons\local_icons\IconOs\wallpaper_defolt.jpg
[LockScreen] Скопійовано фон: bin\icons\local_icons\IconOs\wallpaper_defolt.jpg → bin\icons\local_icons\IconOs\lock.jpg
[LockScreen] Фінальний фон: bin\icons\local_icons\IconOs\lock.jpg
[LockScreen] Path from config: None
[LockScreen] Фон не знайдено, використовую дефолт: bin\icons\local_icons\IconOs\wallpaper_defolt.jpg
[LockScreen] Скопійовано фон: bin\icons\local_icons\IconOs\wallpaper_defolt.jpg → bin\icons\local_icons\IconOs\lock.jpg
[LockScreen] Фінальний фон: bin\icons\local_icons\IconOs\lock.jpg
[LockScreen] Path from config: root/user/images\background_1.jpg
[LockScreen] Скопійовано фон: root/user/images\background_1.jpg → bin\icons\local_icons\IconOs\lock.jpg
[LockScreen] Фінальний фон: bin\icons\local_icons\IconOs\lock.jpg
[LockScreen] Path from config: root/user/images\background_2.jpg
[LockScreen] Скопійовано фон: root/user/images\background_2.jpg → bin\icons\local_icons\IconOs\lock.jpg
[LockScreen] Фінальний фон: bin\icons\local_icons\IconOs\lock.jpg
[LockScreen] Path from config: root/user/images\background_2.jpg
[LockScreen] Скопійовано фон: root/user/images\background_2.jpg → bin\icons\local_icons\IconOs\lock.jpg
[LockScreen] Фінальний фон: bin\icons\local_icons\IconOs\lock.jpg
[LockScreen] Path from config: root/user/images\background_2.jpg
[LockScreen] Скопійовано фон: root/user/images\background_2.jpg → bin\icons\local_icons\IconOs\lock.jpg
[LockScreen] Фінальний фон: bin\icons\local_icons\IconOs\lock.jpg
[LockScreen] Path from config: root/user/images\background_2.jpg
[LockScreen] Скопійовано фон: root/user/images\background_2.jpg → bin\icons\local_icons\IconOs\lock.jpg
[LockScreen] Фінальний фон: bin\icons\local_icons\IconOs\lock.jpg
[LockScreen] Path from config: root/user/images\background_2.jpg
[LockScreen] Скопійовано фон: root/user/images\background_2.jpg → bin\icons\local_icons\IconOs\lock.jpg
[LockScreen] Фінальний фон: bin\icons\local_icons\IconOs\lock.jpg
[LockScreen] Path from config: root/user/images\background_1.jpg
[LockScreen] Скопійовано фон: root/user/images\background_1.jpg → bin\icons\local_icons\IconOs\lock.jpg
[LockScreen] Фінальний фон: bin\icons\local_icons\IconOs\lock.jpg
[LockScreen] Path from config: root/user/images\background_1.jpg
[LockScreen] Скопійовано фон: root/user/images\background_1.jpg → bin\icons\local_icons\IconOs\lock.jpg
[LockScreen] Фінальний фон: bin\icons\local_icons\IconOs\lock.jpg
[LockScreen] Path from config: root/user/images\background_1.jpg
[LockScreen] Скопійовано фон: root/user/images\background_1.jpg → bin\icons\local_icons\IconOs\lock.jpg
[LockScreen] Фінальний фон: bin\icons\local_icons\IconOs\lock.jpg
[LockScreen] Path from config: root/user/images\background_2.jpg
[LockScreen] Скопійовано фон: root/user/images\background_2.jpg → bin\icons\local_icons\IconOs\lock.jpg
[LockScreen] Фінальний фон: bin\icons\local_icons\IconOs\lock.jpg
[LockScreen] Path from config: root/user/images\background_2.jpg
[LockScreen] Скопійовано фон: root/user/images\background_2.jpg → bin\icons\local_icons\IconOs\lock.jpg
[LockScreen] Фінальний фон: bin\icons\local_icons\IconOs\lock.jpg
[LockScreen] Path from config: root/user/images\background_2.jpg
[LockScreen] Скопійовано фон: root/user/images\background_2.jpg → bin\icons\local_icons\IconOs\lock.jpg
[LockScreen] Фінальний фон: bin\icons\local_icons\IconOs\lock.jpg
[LockScreen] Path from config: root/user/images\background_2.jpg
[LockScreen] Скопійовано фон: root/user/images\background_2.jpg → bin\icons\local_icons\IconOs\lock.jpg
[LockScreen] Фінальний фон: bin\icons\local_icons\IconOs\lock.jpg
[LockScreen] Path from config: root/user/images\background_2.jpg
[LockScreen] Скопійовано фон: root/user/images\background_2.jpg → bin\icons\local_icons\IconOs\lock.jpg
[LockScreen] Фінальний фон: bin\icons\local_icons\IconOs\lock.jpg
[LockScreen] Path from config: root/user/images\background_2.jpg
[LockScreen] Скопійовано фон: root/user/images\background_2.jpg → bin\icons\local_icons\IconOs\lock.jpg
[LockScreen] Фінальний фон: bin\icons\local_icons\IconOs\lock.jpg
[LockScreen] Path from config: root/user/images\background_2.jpg
[LockScreen] Скопійовано фон: root/user/images\background_2.jpg → bin\icons\local_icons\IconOs\lock.jpg
[LockScreen] Фінальний фон: bin\icons\local_icons\IconOs\lock.jpg
